 23:35:06.426 [main] INFO  org.testng.internal.Utils - [TestNG] Running:
  C:\Users\Rojida\eclipse-workspace\OpencartV12\master.xml

 23:35:13.057 [main] INFO  testCases.TC001AccountRegistrationTest - ***Starting Test case***
 23:35:13.615 [main] INFO  testCases.TC001AccountRegistrationTest - ***Clicked on MyAccount link***
 23:35:14.513 [main] INFO  testCases.TC001AccountRegistrationTest - ***clicked on Register link
 23:35:14.521 [main] INFO  testCases.TC001AccountRegistrationTest - ***Here Im providing customer Details
 23:35:18.133 [main] INFO  testCases.TC001AccountRegistrationTest - **Validating the confirmation message**
 23:35:18.201 [main] INFO  testCases.TC001AccountRegistrationTest - **Test Finished**
 23:35:21.874 [main] INFO  testCases.TC002_LoginTest - ***Stating TC002_LoginTest***
 23:35:24.978 [main] INFO  testCases.TC002_LoginTest - ***Finsih TC002_LoginTest***
 23:36:53.324 [main] DEBUG org.testng.TestNG - suiteXmlPath: "C:\Users\Rojida\eclipse-workspace\OpencartV12\master.xml"
 23:36:53.825 [main] INFO  org.testng.internal.Utils - [TestNG] Running:
  C:\Users\Rojida\eclipse-workspace\OpencartV12\master.xml

 23:36:54.548 [main] INFO  testCases.TC001AccountRegistrationTest - ***Starting Test case***
 23:36:54.722 [main] INFO  testCases.TC002_LoginTest - ***Stating TC002_LoginTest***
 23:39:19.377 [main] DEBUG org.testng.TestNG - suiteXmlPath: "C:\Users\Rojida\eclipse-workspace\OpencartV12\master.xml"
 23:39:19.997 [main] INFO  org.testng.internal.Utils - [TestNG] Running:
  C:\Users\Rojida\eclipse-workspace\OpencartV12\master.xml

 23:39:27.643 [main] INFO  testCases.TC001AccountRegistrationTest - ***Starting Test case***
 23:39:27.886 [main] INFO  testCases.TC001AccountRegistrationTest - ***Clicked on MyAccount link***
 23:39:28.680 [main] INFO  testCases.TC001AccountRegistrationTest - ***clicked on Register link
 23:39:28.685 [main] INFO  testCases.TC001AccountRegistrationTest - ***Here Im providing customer Details
 23:39:31.930 [main] INFO  testCases.TC001AccountRegistrationTest - **Validating the confirmation message**
 23:39:32.013 [main] INFO  testCases.TC001AccountRegistrationTest - **Test Finished**
 23:39:34.955 [main] INFO  testCases.TC002_LoginTest - ***Stating TC002_LoginTest***
 23:39:38.125 [main] INFO  testCases.TC002_LoginTest - ***Finsih TC002_LoginTest***
 23:40:09.389 [main] DEBUG org.testng.TestNG - suiteXmlPath: "C:\Users\Rojida\eclipse-workspace\OpencartV12\master.xml"
 23:40:09.998 [main] INFO  org.testng.internal.Utils - [TestNG] Running:
  C:\Users\Rojida\eclipse-workspace\OpencartV12\master.xml

 23:40:16.883 [main] INFO  testCases.TC001AccountRegistrationTest - ***Starting Test case***
 23:40:17.213 [main] INFO  testCases.TC001AccountRegistrationTest - ***Clicked on MyAccount link***
 23:40:17.912 [main] INFO  testCases.TC001AccountRegistrationTest - ***clicked on Register link
 23:40:17.915 [main] INFO  testCases.TC001AccountRegistrationTest - ***Here Im providing customer Details
 23:40:21.393 [main] INFO  testCases.TC001AccountRegistrationTest - **Validating the confirmation message**
 23:40:21.507 [main] INFO  testCases.TC001AccountRegistrationTest - **Test Finished**
 23:40:24.396 [main] INFO  testCases.TC002_LoginTest - ***Stating TC002_LoginTest***
 23:40:28.884 [main] INFO  testCases.TC002_LoginTest - ***Finsih TC002_LoginTest***
 13:40:55.168 [main] DEBUG org.testng.TestNG - suiteXmlPath: "C:\Users\Rojida\eclipse-workspace\OpencartV12\master.xml"
 13:40:56.062 [main] INFO  org.testng.internal.Utils - [TestNG] Running:
  C:\Users\Rojida\eclipse-workspace\OpencartV12\master.xml

 13:46:14.312 [main] DEBUG org.testng.TestNG - suiteXmlPath: "C:\Users\Rojida\eclipse-workspace\OpencartV12\master.xml"
 13:46:15.140 [main] INFO  org.testng.internal.Utils - [TestNG] Running:
  C:\Users\Rojida\eclipse-workspace\OpencartV12\master.xml

 13:46:24.858 [main] INFO  testCases.TC001AccountRegistrationTest - ***Starting Test case***
 13:46:25.265 [main] INFO  testCases.TC001AccountRegistrationTest - ***Clicked on MyAccount link***
 13:46:26.511 [main] INFO  testCases.TC001AccountRegistrationTest - ***clicked on Register link
 13:46:26.530 [main] INFO  testCases.TC001AccountRegistrationTest - ***Here Im providing customer Details
 13:46:29.419 [main] INFO  testCases.TC001AccountRegistrationTest - **Validating the confirmation message**
 13:46:29.493 [main] INFO  testCases.TC001AccountRegistrationTest - **Test Finished**
 13:46:33.073 [main] INFO  testCases.TC002_LoginTest - ***Stating TC002_LoginTest***
 13:46:35.473 [main] INFO  testCases.TC002_LoginTest - ***Finsih TC002_LoginTest***
 14:00:40.473 [main] DEBUG org.testng.TestNG - suiteXmlPath: "C:\Users\Rojida\eclipse-workspace\OpencartV12\master.xml"
 14:00:49.894 [main] INFO  testCases.TC001AccountRegistrationTest - ***Starting Test case***
 14:00:50.286 [main] INFO  testCases.TC001AccountRegistrationTest - ***Clicked on MyAccount link***
 14:00:51.219 [main] INFO  testCases.TC001AccountRegistrationTest - ***clicked on Register link
