 19:54:20.545 [main] INFO  testCases.TC002_LoginTest - ***Stating TC002_LoginTest***
 19:54:23.328 [main] INFO  testCases.TC002_LoginTest - ***Finsih TC002_LoginTest***
 22:01:35.847 [main] DEBUG org.testng.TestNG - suiteXmlPath: "C:\Users\Rojida\eclipse-workspace\OpencartV12\master.xml"
 22:01:36.723 [main] INFO  org.testng.internal.Utils - [TestNG] Running:
  C:\Users\Rojida\eclipse-workspace\OpencartV12\master.xml

 22:01:47.117 [main] INFO  testCases.TC002_LoginTest - ***Stating TC002_LoginTest***
 22:01:50.539 [main] INFO  testCases.TC002_LoginTest - ***Finsih TC002_LoginTest***
 22:17:13.134 [main] DEBUG org.testng.TestNG - suiteXmlPath: "C:\Users\Rojida\eclipse-workspace\OpencartV12\master.xml"
 22:17:14.941 [main] INFO  org.testng.internal.Utils - [TestNG] Running:
  C:\Users\Rojida\eclipse-workspace\OpencartV12\master.xml

 22:28:59.660 [main] DEBUG org.testng.TestNG - suiteXmlPath: "C:\Users\Rojida\eclipse-workspace\OpencartV12\master.xml"
 22:29:00.427 [main] INFO  org.testng.internal.Utils - [TestNG] Running:
  C:\Users\Rojida\eclipse-workspace\OpencartV12\master.xml

 22:45:35.645 [main] DEBUG org.testng.TestNG - suiteXmlPath: "C:\Users\Rojida\eclipse-workspace\OpencartV12\master.xml"
 22:45:36.386 [main] INFO  org.testng.internal.Utils - [TestNG] Running:
  C:\Users\Rojida\eclipse-workspace\OpencartV12\master.xml

 22:48:21.715 [main] DEBUG org.testng.TestNG - suiteXmlPath: "C:\Users\Rojida\eclipse-workspace\OpencartV12\master.xml"
 22:48:22.361 [main] INFO  org.testng.internal.Utils - [TestNG] Running:
  C:\Users\Rojida\eclipse-workspace\OpencartV12\master.xml

 22:48:28.633 [main] INFO  testCases.TC002_LoginTest - ***Stating TC002_LoginTest***
 22:48:31.761 [main] INFO  testCases.TC002_LoginTest - ***Finsih TC002_LoginTest***
 22:53:15.842 [main] DEBUG org.testng.TestNG - suiteXmlPath: "C:\Users\Rojida\eclipse-workspace\OpencartV12\master.xml"
 22:53:16.557 [main] INFO  org.testng.internal.Utils - [TestNG] Running:
  C:\Users\Rojida\eclipse-workspace\OpencartV12\master.xml

 12:19:14.653 [main] DEBUG org.testng.TestNG - suiteXmlPath: "C:\Users\Rojida\eclipse-workspace\OpencartV12\master.xml"
 12:19:15.308 [main] INFO  org.testng.internal.Utils - [TestNG] Running:
  C:\Users\Rojida\eclipse-workspace\OpencartV12\master.xml

 12:19:23.439 [main] INFO  testCases.TC001AccountRegistrationTest - ***Starting Test case***
 12:19:23.787 [main] INFO  testCases.TC001AccountRegistrationTest - ***Clicked on MyAccount link***
 12:19:24.352 [main] INFO  testCases.TC001AccountRegistrationTest - ***clicked on Register link
 12:19:24.384 [main] INFO  testCases.TC001AccountRegistrationTest - ***Here Im providing customer Details
 12:19:26.897 [main] INFO  testCases.TC001AccountRegistrationTest - **Validating the confirmation message**
 12:19:26.930 [main] INFO  testCases.TC001AccountRegistrationTest - **Test Finished**
 12:19:30.438 [main] INFO  testCases.TC002_LoginTest - ***Stating TC002_LoginTest***
 12:19:32.843 [main] INFO  testCases.TC002_LoginTest - ***Finsih TC002_LoginTest***
 12:28:13.007 [main] DEBUG org.testng.TestNG - suiteXmlPath: "C:\Users\Rojida\eclipse-workspace\OpencartV12\grouping.xml"
 12:28:13.763 [main] INFO  org.testng.internal.Utils - [TestNG] Running:
  C:\Users\Rojida\eclipse-workspace\OpencartV12\grouping.xml

 12:30:16.040 [main] DEBUG org.testng.TestNG - suiteXmlPath: "C:\Users\Rojida\eclipse-workspace\OpencartV12\grouping.xml"
 12:30:16.595 [main] INFO  org.testng.internal.Utils - [TestNG] Running:
  C:\Users\Rojida\eclipse-workspace\OpencartV12\grouping.xml

 12:40:32.721 [main] DEBUG org.testng.TestNG - suiteXmlPath: "C:\Users\Rojida\eclipse-workspace\OpencartV12\grouping.xml"
 12:40:33.562 [main] INFO  org.testng.internal.Utils - [TestNG] Running:
  C:\Users\Rojida\eclipse-workspace\OpencartV12\grouping.xml

 12:40:41.114 [main] INFO  testCases.TC002_LoginTest - ***Stating TC002_LoginTest***
 12:40:43.773 [main] INFO  testCases.TC002_LoginTest - ***Finsih TC002_LoginTest***
 14:19:54.503 [main] DEBUG org.testng.TestNG - suiteXmlPath: "C:\Users\Rojida\eclipse-workspace\OpencartV12\master.xml"
 14:22:29.753 [main] DEBUG org.testng.TestNG - suiteXmlPath: "C:\Users\Rojida\eclipse-workspace\OpencartV12\master.xml"
 14:22:30.281 [main] INFO  org.testng.internal.Utils - [TestNG] Running:
  C:\Users\Rojida\eclipse-workspace\OpencartV12\master.xml

 14:22:37.088 [main] INFO  testCases.TC002_LoginTest - ***Stating TC002_LoginTest***
 14:22:40.145 [main] INFO  testCases.TC002_LoginTest - ***Finsih TC002_LoginTest***
 23:32:40.083 [main] DEBUG org.testng.TestNG - suiteXmlPath: "C:\Users\Rojida\eclipse-workspace\OpencartV12\master.xml"
 23:32:40.811 [main] INFO  org.testng.internal.Utils - [TestNG] Running:
  C:\Users\Rojida\eclipse-workspace\OpencartV12\master.xml

 23:32:51.904 [main] INFO  testCases.TC002_LoginTest - ***Stating TC002_LoginTest***
 23:32:54.604 [main] INFO  testCases.TC002_LoginTest - ***Finsih TC002_LoginTest***
 23:35:05.702 [main] DEBUG org.testng.TestNG - suiteXmlPath: "C:\Users\Rojida\eclipse-workspace\OpencartV12\master.xml"
